------------------------------------------------------------
TimeQuest Timing Analyzer Summary
------------------------------------------------------------

Type  : Slow Model Setup 'clock50m'
Slack : -5.570
TNS   : -1649.368

Type  : Slow Model Setup 'tck'
Slack : -4.446
TNS   : -6.695

Type  : Slow Model Setup 'debug_memory_interface:host_if|USB_JTAG:u1|mTCK'
Slack : -1.308
TNS   : -11.111

Type  : Slow Model Hold 'tck'
Slack : -0.171
TNS   : -0.171

Type  : Slow Model Hold 'clock50m'
Slack : 0.183
TNS   : 0.000

Type  : Slow Model Hold 'debug_memory_interface:host_if|USB_JTAG:u1|mTCK'
Slack : 0.445
TNS   : 0.000

Type  : Slow Model Recovery 'clock50m'
Slack : -1.920
TNS   : -260.991

Type  : Slow Model Removal 'clock50m'
Slack : 2.670
TNS   : 0.000

Type  : Slow Model Minimum Pulse Width 'clock50m'
Slack : -2.064
TNS   : -4215.021

Type  : Slow Model Minimum Pulse Width 'tck'
Slack : -1.469
TNS   : -7.579

Type  : Slow Model Minimum Pulse Width 'debug_memory_interface:host_if|USB_JTAG:u1|mTCK'
Slack : -0.611
TNS   : -23.218

Type  : Fast Model Setup 'clock50m'
Slack : -2.185
TNS   : -363.042

Type  : Fast Model Setup 'tck'
Slack : -1.242
TNS   : -1.242

Type  : Fast Model Setup 'debug_memory_interface:host_if|USB_JTAG:u1|mTCK'
Slack : -0.001
TNS   : -0.008

Type  : Fast Model Hold 'tck'
Slack : -0.192
TNS   : -0.336

Type  : Fast Model Hold 'clock50m'
Slack : -0.059
TNS   : -0.422

Type  : Fast Model Hold 'debug_memory_interface:host_if|USB_JTAG:u1|mTCK'
Slack : 0.215
TNS   : 0.000

Type  : Fast Model Recovery 'clock50m'
Slack : -0.734
TNS   : -99.744

Type  : Fast Model Removal 'clock50m'
Slack : 1.613
TNS   : 0.000

Type  : Fast Model Minimum Pulse Width 'clock50m'
Slack : -2.000
TNS   : -4046.380

Type  : Fast Model Minimum Pulse Width 'tck'
Slack : -1.222
TNS   : -6.222

Type  : Fast Model Minimum Pulse Width 'debug_memory_interface:host_if|USB_JTAG:u1|mTCK'
Slack : -0.500
TNS   : -19.000

------------------------------------------------------------
