------------------------------------------------------------
TimeQuest Timing Analyzer Summary
------------------------------------------------------------

Type  : Slow Model Setup 'clock'
Slack : -57.865
TNS   : -12829.762

Type  : Slow Model Setup 'N_dff:ALUop_control_B|dff_1bit:\N_dffs:0:stage_i|q'
Slack : -55.909
TNS   : -1609.410

Type  : Slow Model Hold 'N_dff:ALUop_control_B|dff_1bit:\N_dffs:0:stage_i|q'
Slack : -2.257
TNS   : -20.902

Type  : Slow Model Hold 'clock'
Slack : -0.117
TNS   : -0.439

Type  : Slow Model Minimum Pulse Width 'clock'
Slack : -2.064
TNS   : -1973.333

Type  : Slow Model Minimum Pulse Width 'N_dff:ALUop_control_B|dff_1bit:\N_dffs:0:stage_i|q'
Slack : 0.250
TNS   : 0.000

Type  : Fast Model Setup 'clock'
Slack : -20.799
TNS   : -4287.372

Type  : Fast Model Setup 'N_dff:ALUop_control_B|dff_1bit:\N_dffs:0:stage_i|q'
Slack : -20.450
TNS   : -586.046

Type  : Fast Model Hold 'N_dff:ALUop_control_B|dff_1bit:\N_dffs:0:stage_i|q'
Slack : -1.396
TNS   : -22.512

Type  : Fast Model Hold 'clock'
Slack : -0.809
TNS   : -17.571

Type  : Fast Model Minimum Pulse Width 'clock'
Slack : -2.000
TNS   : -1663.916

Type  : Fast Model Minimum Pulse Width 'N_dff:ALUop_control_B|dff_1bit:\N_dffs:0:stage_i|q'
Slack : 0.395
TNS   : 0.000

------------------------------------------------------------
