------------------------------------------------------------
TimeQuest Timing Analyzer Summary
------------------------------------------------------------

Type  : Slow Model Setup 'GPIO_1[0]'
Slack : -64.360
TNS   : -18966.920

Type  : Slow Model Setup 'I2C_CCD_Config:u8|mI2C_CTRL_CLK'
Slack : -4.384
TNS   : -257.158

Type  : Slow Model Setup 'rClk[0]'
Slack : -4.377
TNS   : -344.506

Type  : Slow Model Setup 'u6|altpll_component|pll|clk[0]'
Slack : -4.335
TNS   : -270.324

Type  : Slow Model Setup 'CLOCK_50'
Slack : 2.935
TNS   : 0.000

Type  : Slow Model Hold 'CLOCK_50'
Slack : -2.690
TNS   : -5.373

Type  : Slow Model Hold 'GPIO_1[0]'
Slack : -0.048
TNS   : -0.091

Type  : Slow Model Hold 'I2C_CCD_Config:u8|mI2C_CTRL_CLK'
Slack : 0.445
TNS   : 0.000

Type  : Slow Model Hold 'rClk[0]'
Slack : 0.445
TNS   : 0.000

Type  : Slow Model Hold 'u6|altpll_component|pll|clk[0]'
Slack : 0.445
TNS   : 0.000

Type  : Slow Model Recovery 'I2C_CCD_Config:u8|mI2C_CTRL_CLK'
Slack : -4.289
TNS   : -98.181

Type  : Slow Model Recovery 'rClk[0]'
Slack : -3.773
TNS   : -342.262

Type  : Slow Model Recovery 'u6|altpll_component|pll|clk[0]'
Slack : -2.616
TNS   : -566.440

Type  : Slow Model Recovery 'GPIO_1[0]'
Slack : -2.448
TNS   : -218.732

Type  : Slow Model Recovery 'CLOCK_50'
Slack : 14.164
TNS   : 0.000

Type  : Slow Model Removal 'GPIO_1[0]'
Slack : 1.235
TNS   : 0.000

Type  : Slow Model Removal 'rClk[0]'
Slack : 1.684
TNS   : 0.000

Type  : Slow Model Removal 'CLOCK_50'
Slack : 2.542
TNS   : 0.000

Type  : Slow Model Removal 'I2C_CCD_Config:u8|mI2C_CTRL_CLK'
Slack : 2.952
TNS   : 0.000

Type  : Slow Model Removal 'u6|altpll_component|pll|clk[0]'
Slack : 5.172
TNS   : 0.000

Type  : Slow Model Minimum Pulse Width 'GPIO_1[0]'
Slack : -2.333
TNS   : -2550.631

Type  : Slow Model Minimum Pulse Width 'rClk[0]'
Slack : -2.064
TNS   : -269.258

Type  : Slow Model Minimum Pulse Width 'I2C_CCD_Config:u8|mI2C_CTRL_CLK'
Slack : -0.611
TNS   : -87.984

Type  : Slow Model Minimum Pulse Width 'u6|altpll_component|pll|clk[0]'
Slack : 1.436
TNS   : 0.000

Type  : Slow Model Minimum Pulse Width 'CLOCK_50'
Slack : 8.889
TNS   : 0.000

Type  : Fast Model Setup 'GPIO_1[0]'
Slack : -23.738
TNS   : -6764.321

Type  : Fast Model Setup 'I2C_CCD_Config:u8|mI2C_CTRL_CLK'
Slack : -1.286
TNS   : -65.446

Type  : Fast Model Setup 'rClk[0]'
Slack : -0.986
TNS   : -68.844

Type  : Fast Model Setup 'u6|altpll_component|pll|clk[0]'
Slack : -0.338
TNS   : -4.368

Type  : Fast Model Setup 'CLOCK_50'
Slack : 2.093
TNS   : 0.000

Type  : Fast Model Hold 'CLOCK_50'
Slack : -1.720
TNS   : -3.433

Type  : Fast Model Hold 'GPIO_1[0]'
Slack : -0.030
TNS   : -0.057

Type  : Fast Model Hold 'I2C_CCD_Config:u8|mI2C_CTRL_CLK'
Slack : 0.215
TNS   : 0.000

Type  : Fast Model Hold 'rClk[0]'
Slack : 0.215
TNS   : 0.000

Type  : Fast Model Hold 'u6|altpll_component|pll|clk[0]'
Slack : 0.215
TNS   : 0.000

Type  : Fast Model Recovery 'rClk[0]'
Slack : -2.030
TNS   : -166.556

Type  : Fast Model Recovery 'GPIO_1[0]'
Slack : -1.678
TNS   : -171.817

Type  : Fast Model Recovery 'I2C_CCD_Config:u8|mI2C_CTRL_CLK'
Slack : -1.256
TNS   : -28.263

Type  : Fast Model Recovery 'u6|altpll_component|pll|clk[0]'
Slack : -0.310
TNS   : -14.931

Type  : Fast Model Recovery 'CLOCK_50'
Slack : 17.631
TNS   : 0.000

Type  : Fast Model Removal 'rClk[0]'
Slack : 1.086
TNS   : 0.000

Type  : Fast Model Removal 'I2C_CCD_Config:u8|mI2C_CTRL_CLK'
Slack : 1.341
TNS   : 0.000

Type  : Fast Model Removal 'GPIO_1[0]'
Slack : 1.443
TNS   : 0.000

Type  : Fast Model Removal 'CLOCK_50'
Slack : 1.599
TNS   : 0.000

Type  : Fast Model Removal 'u6|altpll_component|pll|clk[0]'
Slack : 3.893
TNS   : 0.000

Type  : Fast Model Minimum Pulse Width 'GPIO_1[0]'
Slack : -1.880
TNS   : -2085.161

Type  : Fast Model Minimum Pulse Width 'rClk[0]'
Slack : -1.880
TNS   : -231.800

Type  : Fast Model Minimum Pulse Width 'I2C_CCD_Config:u8|mI2C_CTRL_CLK'
Slack : -0.500
TNS   : -72.000

Type  : Fast Model Minimum Pulse Width 'u6|altpll_component|pll|clk[0]'
Slack : 1.873
TNS   : 0.000

Type  : Fast Model Minimum Pulse Width 'CLOCK_50'
Slack : 9.000
TNS   : 0.000

------------------------------------------------------------
